> Task :app:checkKotlinGradlePluginConfigurationErrors SKIPPED
> Task :app:preBuild UP-TO-DATE
> Task :app:preElectronicDebugBuild UP-TO-DATE
> Task :app:generateElectronicDebugBuildConfig
> Task :app:generateElectronicDebugResValues
> Task :app:checkElectronicDebugAarMetadata
> Task :app:mapElectronicDebugSourceSetPaths
> Task :app:generateElectronicDebugResources
> Task :app:packageElectronicDebugResources
> Task :app:createElectronicDebugCompatibleScreenManifests
> Task :app:extractDeepLinksElectronicDebug
> Task :app:parseElectronicDebugLocalResources
> Task :app:processElectronicDebugMainManifest
> Task :app:processElectronicDebugManifest
> Task :app:mergeElectronicDebugResources
> Task :app:processElectronicDebugManifestForPackage
> Task :app:processElectronicDebugResources

> Task :app:kaptGenerateStubsElectronicDebugKotlin
w: Kapt currently doesn't support language version 2.0+. Falling back to 1.9.

[Incubating] Problems report is available at: file:///C:/Users/legion/AndroidStudioProjects/ElectronicServices/build/reports/problems/problems-report.html

Deprecated Gradle features were used in this build, making it incompatible with Gradle 9.0.

You can use '--warning-mode all' to show the individual deprecation warnings and determine if they come from your own scripts or plugins.

For more on this, please refer to https://docs.gradle.org/8.13/userguide/command_line_interface.html#sec:command_line_warnings in the Gradle documentation.

BUILD SUCCESSFUL in 4s
15 actionable tasks: 15 executed
